
Discarded input sections

 .text          0x0000000000000000        0x0 build/samus/RO/board/samus/board.o
 .ARM.attributes
                0x0000000000000000       0x37 build/samus/RO/board/samus/board.o
 .text          0x0000000000000000        0x0 build/samus/RO/board/samus/extpower.o
 .ARM.attributes
                0x0000000000000000       0x37 build/samus/RO/board/samus/extpower.o
 .text          0x0000000000000000        0x0 build/samus/RO/board/samus/panel.o
 .data          0x0000000000000000        0x0 build/samus/RO/board/samus/panel.o
 .bss           0x0000000000000000        0x0 build/samus/RO/board/samus/panel.o
 .ARM.attributes
                0x0000000000000000       0x37 build/samus/RO/board/samus/panel.o
 .text          0x0000000000000000        0x0 build/samus/RO/board/samus/power_sequence.o
 .data          0x0000000000000000        0x0 build/samus/RO/board/samus/power_sequence.o
 .ARM.attributes
                0x0000000000000000       0x37 build/samus/RO/board/samus/power_sequence.o
 .text          0x0000000000000000        0x0 build/samus/RO/chip/lm4/adc.o
 .data          0x0000000000000000        0x0 build/samus/RO/chip/lm4/adc.o
 .ARM.attributes
                0x0000000000000000       0x37 build/samus/RO/chip/lm4/adc.o
 .text          0x0000000000000000        0x0 build/samus/RO/chip/lm4/chip_temp_sensor.o
 .bss           0x0000000000000000        0x0 build/samus/RO/chip/lm4/chip_temp_sensor.o
 .ARM.attributes
                0x0000000000000000       0x37 build/samus/RO/chip/lm4/chip_temp_sensor.o
 .text          0x0000000000000000        0x0 build/samus/RO/chip/lm4/clock.o
 .ARM.attributes
                0x0000000000000000       0x37 build/samus/RO/chip/lm4/clock.o
 .text          0x0000000000000000        0x0 build/samus/RO/chip/lm4/fan.o
 .data          0x0000000000000000        0x0 build/samus/RO/chip/lm4/fan.o
 .bss           0x0000000000000000        0x0 build/samus/RO/chip/lm4/fan.o
 .ARM.attributes
                0x0000000000000000       0x37 build/samus/RO/chip/lm4/fan.o
 .text          0x0000000000000000        0x0 build/samus/RO/chip/lm4/flash.o
 .data          0x0000000000000000        0x0 build/samus/RO/chip/lm4/flash.o
 .ARM.attributes
                0x0000000000000000       0x37 build/samus/RO/chip/lm4/flash.o
 .text          0x0000000000000000        0x0 build/samus/RO/chip/lm4/gpio.o
 .data          0x0000000000000000        0x0 build/samus/RO/chip/lm4/gpio.o
 .bss           0x0000000000000000        0x0 build/samus/RO/chip/lm4/gpio.o
 .ARM.attributes
                0x0000000000000000       0x37 build/samus/RO/chip/lm4/gpio.o
 .text          0x0000000000000000        0x0 build/samus/RO/chip/lm4/hwtimer.o
 .data          0x0000000000000000        0x0 build/samus/RO/chip/lm4/hwtimer.o
 .bss           0x0000000000000000        0x0 build/samus/RO/chip/lm4/hwtimer.o
 .ARM.attributes
                0x0000000000000000       0x37 build/samus/RO/chip/lm4/hwtimer.o
 .text          0x0000000000000000        0x0 build/samus/RO/chip/lm4/i2c.o
 .data          0x0000000000000000        0x0 build/samus/RO/chip/lm4/i2c.o
 .text.i2c_is_busy
                0x0000000000000000       0x10 build/samus/RO/chip/lm4/i2c.o
 .ARM.attributes
                0x0000000000000000       0x37 build/samus/RO/chip/lm4/i2c.o
 .text          0x0000000000000000        0x0 build/samus/RO/chip/lm4/jtag.o
 .data          0x0000000000000000        0x0 build/samus/RO/chip/lm4/jtag.o
 .bss           0x0000000000000000        0x0 build/samus/RO/chip/lm4/jtag.o
 .ARM.attributes
                0x0000000000000000       0x37 build/samus/RO/chip/lm4/jtag.o
 .text          0x0000000000000000        0x0 build/samus/RO/chip/lm4/keyboard_raw.o
 .data          0x0000000000000000        0x0 build/samus/RO/chip/lm4/keyboard_raw.o
 .bss           0x0000000000000000        0x0 build/samus/RO/chip/lm4/keyboard_raw.o
 .ARM.attributes
                0x0000000000000000       0x37 build/samus/RO/chip/lm4/keyboard_raw.o
 .text          0x0000000000000000        0x0 build/samus/RO/chip/lm4/lpc.o
 .data          0x0000000000000000        0x0 build/samus/RO/chip/lm4/lpc.o
 .text.lpc_enable_acpi_interrupts
                0x0000000000000000       0x10 build/samus/RO/chip/lm4/lpc.o
 .text.lpc_disable_acpi_interrupts
                0x0000000000000000       0x10 build/samus/RO/chip/lm4/lpc.o
 .ARM.attributes
                0x0000000000000000       0x37 build/samus/RO/chip/lm4/lpc.o
 .text          0x0000000000000000        0x0 build/samus/RO/chip/lm4/peci.o
 .data          0x0000000000000000        0x0 build/samus/RO/chip/lm4/peci.o
 .ARM.attributes
                0x0000000000000000       0x37 build/samus/RO/chip/lm4/peci.o
 .text          0x0000000000000000        0x0 build/samus/RO/chip/lm4/pwm.o
 .data          0x0000000000000000        0x0 build/samus/RO/chip/lm4/pwm.o
 .bss           0x0000000000000000        0x0 build/samus/RO/chip/lm4/pwm.o
 .ARM.attributes
[...]
Memory Configuration

Name             Origin             Length             Attributes
FLASH            0x0000000000000000 0x000000000001f800 xr
IRAM             0x0000000020000000 0x0000000000008000 rw
*default*        0x0000000000000000 0xffffffffffffffff

Linker script and memory map

LOAD build/samus/RO/board/samus/board.o
LOAD build/samus/RO/board/samus/extpower.o
LOAD build/samus/RO/board/samus/panel.o
LOAD build/samus/RO/board/samus/power_sequence.o
LOAD build/samus/RO/chip/lm4/adc.o
LOAD build/samus/RO/chip/lm4/chip_temp_sensor.o
LOAD build/samus/RO/chip/lm4/clock.o
LOAD build/samus/RO/chip/lm4/fan.o
LOAD build/samus/RO/chip/lm4/flash.o
LOAD build/samus/RO/chip/lm4/gpio.o
LOAD build/samus/RO/chip/lm4/hwtimer.o
LOAD build/samus/RO/chip/lm4/i2c.o
LOAD build/samus/RO/chip/lm4/jtag.o
LOAD build/samus/RO/chip/lm4/keyboard_raw.o
LOAD build/samus/RO/chip/lm4/lpc.o
LOAD build/samus/RO/chip/lm4/peci.o
LOAD build/samus/RO/chip/lm4/pwm.o
LOAD build/samus/RO/chip/lm4/system.o
LOAD build/samus/RO/chip/lm4/uart.o
LOAD build/samus/RO/chip/lm4/watchdog.o
LOAD build/samus/RO/common/acpi.o
LOAD build/samus/RO/common/adc.o
LOAD build/samus/RO/common/als.o
LOAD build/samus/RO/common/battery.o
LOAD build/samus/RO/common/charge_state_v2.o
LOAD build/samus/RO/common/charger.o
LOAD build/samus/RO/common/chipset.o
LOAD build/samus/RO/common/console.o
LOAD build/samus/RO/common/console_output.o
LOAD build/samus/RO/common/fan.o
LOAD build/samus/RO/common/flash.o
LOAD build/samus/RO/common/fmap.o
LOAD build/samus/RO/common/gesture.o
LOAD build/samus/RO/common/gpio.o
LOAD build/samus/RO/common/hooks.o
LOAD build/samus/RO/common/host_command.o
LOAD build/samus/RO/common/host_command_master.o
LOAD build/samus/RO/common/host_command_pd.o
LOAD build/samus/RO/common/host_event_commands.o
LOAD build/samus/RO/common/i2c.o
LOAD build/samus/RO/common/keyboard_8042.o
LOAD build/samus/RO/common/keyboard_8042_sharedlib.o
LOAD build/samus/RO/common/keyboard_scan.o
LOAD build/samus/RO/common/lb_common.o
LOAD build/samus/RO/common/lid_switch.o
LOAD build/samus/RO/common/lightbar.o
LOAD build/samus/RO/common/main.o
LOAD build/samus/RO/common/math_util.o
LOAD build/samus/RO/common/memory_commands.o
LOAD build/samus/RO/common/motion_lid.o
LOAD build/samus/RO/common/motion_sense.o
LOAD build/samus/RO/common/panic_output.o
LOAD build/samus/RO/common/port80.o
LOAD build/samus/RO/common/power_button.o
LOAD build/samus/RO/common/power_button_x86.o
LOAD build/samus/RO/common/printf.o
LOAD build/samus/RO/common/pwm.o
LOAD build/samus/RO/common/pwm_kblight.o
LOAD build/samus/RO/common/queue.o
LOAD build/samus/RO/common/queue_policies.o
LOAD build/samus/RO/common/sha256.o
LOAD build/samus/RO/common/shared_mem.o
LOAD build/samus/RO/common/switch.o
LOAD build/samus/RO/common/system.o
LOAD build/samus/RO/common/temp_sensor.o
LOAD build/samus/RO/common/thermal.o
LOAD build/samus/RO/common/throttle_ap.o
LOAD build/samus/RO/common/timer.o
LOAD build/samus/RO/common/uart_buffering.o
LOAD build/samus/RO/common/usb_port_power_smart.o
LOAD build/samus/RO/common/util.o
LOAD build/samus/RO/common/vboot_hash.o
LOAD build/samus/RO/common/version.o
LOAD build/samus/RO/common/wireless.o
LOAD build/samus/RO/core/cortex-m/cpu.o
LOAD build/samus/RO/core/cortex-m/init.o
LOAD build/samus/RO/core/cortex-m/ldivmod.o
LOAD build/samus/RO/core/cortex-m/mpu.o
LOAD build/samus/RO/core/cortex-m/panic.o
LOAD build/samus/RO/core/cortex-m/switch.o
LOAD build/samus/RO/core/cortex-m/task.o
LOAD build/samus/RO/core/cortex-m/uldivmod.o
LOAD build/samus/RO/core/cortex-m/watchdog.o
LOAD build/samus/RO/driver/accel_kionix.o
LOAD build/samus/RO/driver/accelgyro_lsm6ds0.o
LOAD build/samus/RO/driver/als_isl29035.o
LOAD build/samus/RO/driver/battery/samus.o
LOAD build/samus/RO/driver/battery/smart.o
LOAD build/samus/RO/driver/charger/bq24773.o
LOAD build/samus/RO/driver/temp_sensor/tmp006.o
LOAD build/samus/RO/power/common.o

.text           0x0000000000000000    0x13d78
 build/samus/RO/core/cortex-m/init.o(.text.vecttable)
 .text.vecttable
                0x0000000000000000      0x250 build/samus/RO/core/cortex-m/init.o
                0x0000000000000250                . = ALIGN (0x4)
                0x0000000000000250                __version_struct_offset = .
 *(.rodata.ver)
 .rodata.ver    0x0000000000000250       0x28 build/samus/RO/common/version.o
                0x0000000000000250                version_data
                0x0000000000000278                . = ALIGN (0x4)
 *(.rodata.pstate)
                0x0000000000000278                . = ALIGN (0x4)
 build/samus/RO/core/cortex-m/init.o(.text)
 .text          0x0000000000000278       0x98 build/samus/RO/core/cortex-m/init.o
                0x0000000000000278                reset
                0x00000000000002cc                irq_98_handler
                0x00000000000002cc                irq_119_handler
                0x00000000000002cc                irq_38_handler
                0x00000000000002cc                irq_121_handler
                0x00000000000002cc                irq_92_handler
                0x00000000000002cc                irq_50_handler
                0x00000000000002cc                irq_62_handler
                0x00000000000002cc                irq_122_handler
                0x00000000000002cc                irq_51_handler
                0x00000000000002cc                irq_81_handler
                0x00000000000002cc                irq_123_handler
                0x00000000000002cc                irq_24_handler
                0x00000000000002cc                irq_86_handler
                0x00000000000002cc                irq_6_handler
                0x00000000000002cc                irq_47_handler
                0x00000000000002cc                irq_75_handler
                0x00000000000002cc                irq_107_handler
                0x00000000000002cc                irq_115_handler
                0x00000000000002cc                irq_48_handler
                0x00000000000002cc                irq_44_handler
                0x00000000000002cc                irq_59_handler
                0x00000000000002cc                irq_27_handler
                0x00000000000002cc                irq_70_handler
                0x00000000000002cc                irq_131_handler
                0x00000000000002cc                irq_46_handler
                0x00000000000002cc                irq_7_handler
                0x00000000000002cc                irq_104_handler
                0x00000000000002cc                irq_41_handler
                0x00000000000002cc                irq_96_handler
                0x00000000000002cc                irq_85_handler
                0x00000000000002cc                usage_fault_handler
                0x00000000000002cc                irq_126_handler
                0x00000000000002cc                irq_101_handler
                0x00000000000002cc                irq_26_handler
                0x00000000000002cc                irq_128_handler
                0x00000000000002cc                mpu_fault_handler
                0x00000000000002cc                irq_118_handler
                0x00000000000002cc                irq_60_handler
                0x00000000000002cc                irq_84_handler
                0x00000000000002cc                irq_88_handler
                0x00000000000002cc                irq_42_handler
                0x00000000000002cc                irq_93_handler
                0x00000000000002cc                irq_19_handler
                0x00000000000002cc                irq_74_handler
                0x00000000000002cc                irq_22_handler
                0x00000000000002cc                irq_66_handler
                0x00000000000002cc                irq_90_handler
                0x00000000000002cc                irq_45_handler
                0x00000000000002cc                irq_105_handler
                0x00000000000002cc                irq_23_handler
                0x00000000000002cc                irq_78_handler
                0x00000000000002cc                irq_21_handler
                0x00000000000002cc                irq_65_handler
                0x00000000000002cc                hard_fault_handler
                0x00000000000002cc                irq_63_handler
                0x00000000000002cc                irq_106_handler
                0x00000000000002cc                irq_103_handler
                0x00000000000002cc                irq_76_handler
                0x00000000000002cc                irq_82_handler
                0x00000000000002cc                irq_72_handler
                0x00000000000002cc                irq_113_handler
                0x00000000000002cc                irq_36_handler
                0x00000000000002cc                irq_129_handler
                0x00000000000002cc                irq_73_handler
                0x00000000000002cc                irq_114_handler
                0x00000000000002cc                irq_89_handler
                0x00000000000002cc                irq_20_handler
                0x00000000000002cc                irq_102_handler
                0x00000000000002cc                irq_35_handler
                0x00000000000002cc                irq_58_handler
                0x00000000000002cc                irq_13_handler
                0x00000000000002cc                pendsv_handler
                0x00000000000002cc                irq_40_handler
                0x00000000000002cc                irq_117_handler
                0x00000000000002cc                irq_127_handler
                0x00000000000002cc                sys_tick_handler
                0x00000000000002cc                irq_91_handler
                0x00000000000002cc                irq_25_handler
                0x00000000000002cc                irq_39_handler
                0x00000000000002cc                irq_57_handler
                0x00000000000002cc                irq_12_handler
                0x00000000000002cc                irq_10_handler
                0x00000000000002cc                irq_130_handler
                0x00000000000002cc                irq_80_handler
                0x00000000000002cc                irq_49_handler
                0x00000000000002cc                irq_9_handler
                0x00000000000002cc                irq_29_handler
                0x00000000000002cc                irq_28_handler
                0x00000000000002cc                irq_11_handler
                0x00000000000002cc                irq_100_handler
                0x00000000000002cc                irq_52_handler
                0x00000000000002cc                irq_77_handler
                0x00000000000002cc                irq_95_handler
                0x00000000000002cc                nmi_handler
                0x00000000000002cc                irq_83_handler
                0x00000000000002cc                irq_61_handler
                0x00000000000002cc                irq_71_handler
                0x00000000000002cc                irq_87_handler
                0x00000000000002cc                irq_99_handler
                0x00000000000002cc                irq_120_handler
                0x00000000000002cc                irq_34_handler
                0x00000000000002cc                irq_79_handler
                0x00000000000002cc                debug_handler
                0x00000000000002cc                irq_67_handler
                0x00000000000002cc                irq_97_handler
                0x00000000000002cc                irq_125_handler
                0x00000000000002cc                irq_64_handler
                0x00000000000002cc                irq_53_handler
                0x00000000000002fc                __aeabi_unwind_cpp_pr0
                0x00000000000002fc                __aeabi_unwind_cpp_pr2
                0x00000000000002fc                __aeabi_unwind_cpp_pr1
 *(.text*)
 .text.pd_mcu_interrupt
                0x0000000000000310        0x6 build/samus/RO/board/samus/board.o
 .text.board_init
                0x0000000000000316        0x6 build/samus/RO/board/samus/board.o
 .text.board_discharge_on_ac
                0x000000000000031c       0x14 build/samus/RO/board/samus/board.o
                0x000000000000031c                board_discharge_on_ac
 .text.board_is_discharging_on_ac
                0x0000000000000330        0xc build/samus/RO/board/samus/board.o
                0x0000000000000330                board_is_discharging_on_ac
 .text.board_reset_pd_mcu
                0x000000000000033c       0x1c build/samus/RO/board/samus/board.o
                0x000000000000033c                board_reset_pd_mcu
 .text.extpower_shutdown
                0x0000000000000358        0x8 build/samus/RO/board/samus/extpower.o
 .text.allow_max_request
                0x0000000000000360       0x28 build/samus/RO/board/samus/extpower.o
 .text.charger_disable
                0x0000000000000388       0x28 build/samus/RO/board/samus/extpower.o
 .text.command_backboost_det
                0x00000000000003b0       0x1c build/samus/RO/board/samus/extpower.o
 .text.check_charging_cutoff
                0x00000000000003cc       0x20 build/samus/RO/board/samus/extpower.o
 .text.cancel_charging_cutoff
                0x00000000000003ec       0x18 build/samus/RO/board/samus/extpower.o
 .text.batt_soc_change
                0x0000000000000404       0x4c build/samus/RO/board/samus/extpower.o
 .text.allow_min_charging
                0x0000000000000450       0x18 build/samus/RO/board/samus/extpower.o
 .text.extpower_board_hacks
                0x0000000000000468       0x70 build/samus/RO/board/samus/extpower.o
 .text.extpower_is_present
                0x00000000000004d8        0x6 build/samus/RO/board/samus/extpower.o
                0x00000000000004d8                extpower_is_present
 .text.extpower_buffer_to_pch
                0x00000000000004de       0x20 build/samus/RO/board/samus/extpower.o
 .text.extpower_init
                0x00000000000004fe       0x10 build/samus/RO/board/samus/extpower.o
 *fill*         0x000000000000050e        0x2 
 .text.extpower_interrupt
                0x0000000000000510       0x24 build/samus/RO/board/samus/extpower.o
                0x0000000000000510                extpower_interrupt
 .text.extpower_task
                0x0000000000000534      0x194 build/samus/RO/board/samus/extpower.o
                0x0000000000000534                extpower_task
 .text.bkboost_det_interrupt
                0x00000000000006c8       0x10 build/samus/RO/board/samus/extpower.o
                0x00000000000006c8                bkboost_det_interrupt
 .text.lp8555_read_with_retry
                0x00000000000006d8       0x38 build/samus/RO/board/samus/panel.o
 .text.printstmt
                0x0000000000000710        0xc build/samus/RO/board/samus/panel.o
 .text.lp8555_write_with_retry
                0x000000000000071c       0x3c build/samus/RO/board/samus/panel.o
 .text.lp8555_enable_pwm_mode
                0x0000000000000758       0x58 build/samus/RO/board/samus/panel.o
 .text.switch_command_enable_backlight
                0x00000000000007b0       0x18 build/samus/RO/board/samus/panel.o
 .text.backlight_init
                0x00000000000007c8       0x18 build/samus/RO/board/samus/panel.o
 .text.update_backlight
                0x00000000000007e0       0x28 build/samus/RO/board/samus/panel.o
 .text.backlight_interrupt
                0x0000000000000808        0xc build/samus/RO/board/samus/panel.o
                0x0000000000000808                backlight_interrupt
 .text.chipset_force_g3
                0x0000000000000814       0x80 build/samus/RO/board/samus/power_sequence.o
 .text.chipset_force_shutdown
                0x0000000000000894       0x28 build/samus/RO/board/samus/power_sequence.o
                0x0000000000000894                chipset_force_shutdown
 .text.chipset_reset
                0x00000000000008bc       0x50 build/samus/RO/board/samus/power_sequence.o
                0x00000000000008bc                chipset_reset
 .text.chipset_throttle_cpu
                0x000000000000090c       0x1a build/samus/RO/board/samus/power_sequence.o
                0x000000000000090c                chipset_throttle_cpu
 *fill*         0x0000000000000926        0x2 
 .text.power_chipset_init
                0x0000000000000928       0x48 build/samus/RO/board/samus/power_sequence.o
                0x0000000000000928                power_chipset_init
 .text.power_handle_state
                0x0000000000000970      0x3e4 build/samus/RO/board/samus/power_sequence.o
                0x0000000000000970                power_handle_state
 .text.set_pp5000_in_g3
                0x0000000000000d54       0x50 build/samus/RO/board/samus/power_sequence.o
                0x0000000000000d54                set_pp5000_in_g3
 .text.lb_power
                0x0000000000000da4       0x7c build/samus/RO/board/samus/power_sequence.o
                0x0000000000000da4                lb_power
 .text.handle_interrupt
                0x0000000000000e20       0x28 build/samus/RO/chip/lm4/adc.o
 .text.adc_init
                0x0000000000000e48      0x120 build/samus/RO/chip/lm4/adc.o
 .text.adc_read_channel
                0x0000000000000f68      0x120 build/samus/RO/chip/lm4/adc.o
                0x0000000000000f68                adc_read_channel
 .text.adc_read_all_channels
                0x0000000000001088       0x24 build/samus/RO/chip/lm4/adc.o
                0x0000000000001088                adc_read_all_channels
 .text.ss0_interrupt
                0x00000000000010ac        0x6 build/samus/RO/chip/lm4/adc.o
                0x00000000000010ac                ss0_interrupt
 .text.ss1_interrupt
                0x00000000000010b2        0x6 build/samus/RO/chip/lm4/adc.o
                0x00000000000010b2                ss1_interrupt
 .text.ss2_interrupt
                0x00000000000010b8        0x6 build/samus/RO/chip/lm4/adc.o
                0x00000000000010b8                ss2_interrupt
 .text.ss3_interrupt
                0x00000000000010be        0x6 build/samus/RO/chip/lm4/adc.o
                0x00000000000010be                ss3_interrupt
 .text.irq_14_handler
                0x00000000000010c4       0x14 build/samus/RO/chip/lm4/adc.o
                0x00000000000010c4                irq_14_handler
 .text.irq_15_handler
                0x00000000000010d8       0x14 build/samus/RO/chip/lm4/adc.o
                0x00000000000010d8                irq_15_handler
 .text.irq_16_handler
                0x00000000000010ec       0x14 build/samus/RO/chip/lm4/adc.o
                0x00000000000010ec                irq_16_handler
 .text.irq_17_handler
                0x0000000000001100       0x14 build/samus/RO/chip/lm4/adc.o
                0x0000000000001100                irq_17_handler
 .text.chip_temp_sensor_poll
                0x0000000000001114       0x14 build/samus/RO/chip/lm4/chip_temp_sensor.o
 .text.chip_temp_sensor_get_val
                0x0000000000001128       0x14 build/samus/RO/chip/lm4/chip_temp_sensor.o
                0x0000000000001128                chip_temp_sensor_get_val
 .text.disable_pll
                0x000000000000113c       0x34 build/samus/RO/chip/lm4/clock.o
 .text.command_idle_stats
                0x0000000000001170       0x68 build/samus/RO/chip/lm4/clock.o
 .text.clock_wait_cycles
                0x00000000000011d8        0x6 build/samus/RO/chip/lm4/clock.o
                0x00000000000011d8                clock_wait_cycles
 *fill*         0x00000000000011de        0x2 
 .text.clock_enable_pll
                0x00000000000011e0       0x60 build/samus/RO/chip/lm4/clock.o
                0x00000000000011e0                clock_enable_pll
 .text.clock_get_freq
                0x0000000000001240        0xc build/samus/RO/chip/lm4/clock.o
                0x0000000000001240                clock_get_freq
 .text.clock_init
                0x000000000000124c       0x10 build/samus/RO/chip/lm4/clock.o
                0x000000000000124c                clock_init
 .text.clock_enable_peripheral
                0x000000000000125c       0x48 build/samus/RO/chip/lm4/clock.o
                0x000000000000125c                clock_enable_peripheral
 .text.clock_disable_peripheral
                0x00000000000012a4       0x44 build/samus/RO/chip/lm4/clock.o
                0x00000000000012a4                clock_disable_peripheral
 .text.clock_refresh_console_in_use
                0x00000000000012e8       0x50 build/samus/RO/chip/lm4/clock.o
                0x00000000000012e8                clock_refresh_console_in_use
 .text.command_dsleep
                0x0000000000001338       0xa4 build/samus/RO/chip/lm4/clock.o
 .text.__idle   0x00000000000013dc      0x1c4 build/samus/RO/chip/lm4/clock.o
                0x00000000000013dc                __idle
 .text.fan_init
                0x00000000000015a0       0x18 build/samus/RO/chip/lm4/fan.o
 .text.fan_set_enabled
                0x00000000000015b8       0x20 build/samus/RO/chip/lm4/fan.o
                0x00000000000015b8                fan_set_enabled
 .text.fan_get_enabled
                0x00000000000015d8       0x18 build/samus/RO/chip/lm4/fan.o
                0x00000000000015d8                fan_get_enabled
 .text.fan_set_duty
                0x00000000000015f0       0x38 build/samus/RO/chip/lm4/fan.o
                0x00000000000015f0                fan_set_duty
 .text.fan_get_duty
                0x0000000000001628       0x1c build/samus/RO/chip/lm4/fan.o
                0x0000000000001628                fan_get_duty
 .text.fan_get_rpm_mode
                0x0000000000001644       0x14 build/samus/RO/chip/lm4/fan.o
                0x0000000000001644                fan_get_rpm_mode
 .text.fan_set_rpm_mode
                0x0000000000001658       0x54 build/samus/RO/chip/lm4/fan.o
                0x0000000000001658                fan_set_rpm_mode
 .text.fan_get_rpm_actual
                0x00000000000016ac       0x14 build/samus/RO/chip/lm4/fan.o
                0x00000000000016ac                fan_get_rpm_actual
 .text.fan_get_rpm_target
                0x00000000000016c0       0x14 build/samus/RO/chip/lm4/fan.o
                0x00000000000016c0                fan_get_rpm_target
 .text.fan_set_rpm_target
                0x00000000000016d4       0x20 build/samus/RO/chip/lm4/fan.o
                0x00000000000016d4                fan_set_rpm_target
 .text.fan_get_status
                0x00000000000016f4       0x14 build/samus/RO/chip/lm4/fan.o
                0x00000000000016f4                fan_get_status
 .text.fan_is_stalled
                0x0000000000001708       0x26 build/samus/RO/chip/lm4/fan.o
                0x0000000000001708                fan_is_stalled
 *fill*         0x000000000000172e        0x2 
 .text.fan_channel_setup
                0x0000000000001730       0x24 build/samus/RO/chip/lm4/fan.o
                0x0000000000001730                fan_channel_setup
 .text.write_buffer
                0x0000000000001754       0x64 build/samus/RO/chip/lm4/flash.o
 .text.flash_physical_write
                0x00000000000017b8       0x78 build/samus/RO/chip/lm4/flash.o
                0x00000000000017b8                flash_physical_write
 .text.flash_physical_erase
                0x0000000000001830       0x9c build/samus/RO/chip/lm4/flash.o
                0x0000000000001830                flash_physical_erase
 .text.flash_physical_get_protect
                0x00000000000018cc       0x20 build/samus/RO/chip/lm4/flash.o
                0x00000000000018cc                flash_physical_get_protect
 .text.flash_physical_get_protect_flags
                0x00000000000018ec       0x1c build/samus/RO/chip/lm4/flash.o
                0x00000000000018ec                flash_physical_get_protect_flags
 .text.flash_physical_protect_now
                0x0000000000001908       0x58 build/samus/RO/chip/lm4/flash.o
                0x0000000000001908                flash_physical_protect_now
 .text.flash_physical_get_valid_flags
                0x0000000000001960        0x4 build/samus/RO/chip/lm4/flash.o
                0x0000000000001960                flash_physical_get_valid_flags
 .text.flash_physical_get_writable_flags
                0x0000000000001964       0x18 build/samus/RO/chip/lm4/flash.o
                0x0000000000001964                flash_physical_get_writable_flags
 .text.flash_pre_init
                0x000000000000197c       0x64 build/samus/RO/chip/lm4/flash.o
                0x000000000000197c                flash_pre_init
 .text.gpio_interrupt
                0x00000000000019e0       0x50 build/samus/RO/chip/lm4/gpio.o
 .text.gpio_init
                0x0000000000001a30       0x18 build/samus/RO/chip/lm4/gpio.o
 .text.gpio_set_alternate_function
                0x0000000000001a48       0x84 build/samus/RO/chip/lm4/gpio.o
                0x0000000000001a48                gpio_set_alternate_function
 .text.gpio_get_level
                0x0000000000001acc       0x1c build/samus/RO/chip/lm4/gpio.o
                0x0000000000001acc                gpio_get_level
 .text.gpio_set_level
                0x0000000000001ae8       0x1c build/samus/RO/chip/lm4/gpio.o
                0x0000000000001ae8                gpio_set_level
 .text.gpio_set_flags_by_mask
                0x0000000000001b04       0xb2 build/samus/RO/chip/lm4/gpio.o
                0x0000000000001b04                gpio_set_flags_by_mask
 *fill*         0x0000000000001bb6        0x2 
 .text.gpio_enable_interrupt
                0x0000000000001bb8       0x30 build/samus/RO/chip/lm4/gpio.o
                0x0000000000001bb8                gpio_enable_interrupt
 .text.gpio_disable_interrupt
                0x0000000000001be8       0x30 build/samus/RO/chip/lm4/gpio.o
                0x0000000000001be8                gpio_disable_interrupt
 .text.gpio_pre_init
                0x0000000000001c18      0x104 build/samus/RO/chip/lm4/gpio.o
                0x0000000000001c18                gpio_pre_init
 .text.__gpio_a_interrupt
                0x0000000000001d1c       0x14 build/samus/RO/chip/lm4/gpio.o
                0x0000000000001d1c                __gpio_a_interrupt
 .text.__gpio_b_interrupt
                0x0000000000001d30       0x14 build/samus/RO/chip/lm4/gpio.o
                0x0000000000001d30                __gpio_b_interrupt
 .text.__gpio_c_interrupt
                0x0000000000001d44       0x14 build/samus/RO/chip/lm4/gpio.o
                0x0000000000001d44                __gpio_c_interrupt
 .text.__gpio_d_interrupt
                0x0000000000001d58       0x14 build/samus/RO/chip/lm4/gpio.o
                0x0000000000001d58                __gpio_d_interrupt
 .text.__gpio_e_interrupt
                0x0000000000001d6c       0x14 build/samus/RO/chip/lm4/gpio.o
                0x0000000000001d6c                __gpio_e_interrupt
 .text.__gpio_f_interrupt
                0x0000000000001d80       0x14 build/samus/RO/chip/lm4/gpio.o
                0x0000000000001d80                __gpio_f_interrupt
 .text.__gpio_g_interrupt
                0x0000000000001d94       0x14 build/samus/RO/chip/lm4/gpio.o
                0x0000000000001d94                __gpio_g_interrupt
 .text.__gpio_h_interrupt
                0x0000000000001da8       0x14 build/samus/RO/chip/lm4/gpio.o
                0x0000000000001da8                __gpio_h_interrupt
 .text.__gpio_j_interrupt
                0x0000000000001dbc       0x14 build/samus/RO/chip/lm4/gpio.o
                0x0000000000001dbc                __gpio_j_interrupt
 .text.__gpio_l_interrupt
                0x0000000000001dd0       0x14 build/samus/RO/chip/lm4/gpio.o
                0x0000000000001dd0                __gpio_l_interrupt
 .text.__gpio_m_interrupt
                0x0000000000001de4       0x14 build/samus/RO/chip/lm4/gpio.o
                0x0000000000001de4                __gpio_m_interrupt
 .text.__gpio_n_interrupt
                0x0000000000001df8       0x14 build/samus/RO/chip/lm4/gpio.o
                0x0000000000001df8                __gpio_n_interrupt
 .text.__gpio_p_interrupt
                0x0000000000001e0c       0x14 build/samus/RO/chip/lm4/gpio.o
                0x0000000000001e0c                __gpio_p_interrupt
 .text.__gpio_q_interrupt
                0x0000000000001e20       0x14 build/samus/RO/chip/lm4/gpio.o
                0x0000000000001e20                __gpio_q_interrupt
 .text.irq_0_handler
                0x0000000000001e34       0x14 build/samus/RO/chip/lm4/gpio.o
                0x0000000000001e34                irq_0_handler
 .text.irq_1_handler
                0x0000000000001e48       0x14 build/samus/RO/chip/lm4/gpio.o
                0x0000000000001e48                irq_1_handler
 .text.irq_2_handler
                0x0000000000001e5c       0x14 build/samus/RO/chip/lm4/gpio.o
                0x0000000000001e5c                irq_2_handler
 .text.irq_3_handler
                0x0000000000001e70       0x14 build/samus/RO/chip/lm4/gpio.o
                0x0000000000001e70                irq_3_handler
 .text.irq_4_handler
                0x0000000000001e84       0x14 build/samus/RO/chip/lm4/gpio.o
                0x0000000000001e84                irq_4_handler
 .text.irq_30_handler
                0x0000000000001e98       0x14 build/samus/RO/chip/lm4/gpio.o
                0x0000000000001e98                irq_30_handler
 .text.irq_31_handler
                0x0000000000001eac       0x14 build/samus/RO/chip/lm4/gpio.o
                0x0000000000001eac                irq_31_handler
 .text.irq_32_handler
                0x0000000000001ec0       0x14 build/samus/RO/chip/lm4/gpio.o
                0x0000000000001ec0                irq_32_handler
 .text.irq_54_handler
                0x0000000000001ed4       0x14 build/samus/RO/chip/lm4/gpio.o
                0x0000000000001ed4                irq_54_handler
 .text.irq_56_handler
                0x0000000000001ee8       0x14 build/samus/RO/chip/lm4/gpio.o
                0x0000000000001ee8                irq_56_handler
 .text.irq_111_handler
                0x0000000000001efc       0x14 build/samus/RO/chip/lm4/gpio.o
                0x0000000000001efc                irq_111_handler
 .text.irq_112_handler
                0x0000000000001f10       0x14 build/samus/RO/chip/lm4/gpio.o
                0x0000000000001f10                irq_112_handler
 .text.irq_116_handler
                0x0000000000001f24       0x14 build/samus/RO/chip/lm4/gpio.o
                0x0000000000001f24                irq_116_handler
 .text.irq_124_handler
                0x0000000000001f38       0x14 build/samus/RO/chip/lm4/gpio.o
                0x0000000000001f38                irq_124_handler
 .text.update_prescaler
                0x0000000000001f4c       0x1c build/samus/RO/chip/lm4/hwtimer.o
 .text.__hw_clock_event_set
                0x0000000000001f68       0x1c build/samus/RO/chip/lm4/hwtimer.o
                0x0000000000001f68                __hw_clock_event_set
 .text.__hw_clock_event_get
                0x0000000000001f84        0xc build/samus/RO/chip/lm4/hwtimer.o
                0x0000000000001f84                __hw_clock_event_get
 .text.__hw_clock_event_clear
                0x0000000000001f90       0x10 build/samus/RO/chip/lm4/hwtimer.o
                0x0000000000001f90                __hw_clock_event_clear
 .text.__hw_clock_source_read
                0x0000000000001fa0        0xc build/samus/RO/chip/lm4/hwtimer.o
                0x0000000000001fa0                __hw_clock_source_read
 .text.__hw_clock_source_set
                0x0000000000001fac        0xc build/samus/RO/chip/lm4/hwtimer.o
                0x0000000000001fac                __hw_clock_source_set
 .text.__hw_clock_source_irq
                0x0000000000001fb8       0x14 build/samus/RO/chip/lm4/hwtimer.o
                0x0000000000001fb8                __hw_clock_source_irq
 .text.irq_94_handler
                0x0000000000001fcc       0x14 build/samus/RO/chip/lm4/hwtimer.o
                0x0000000000001fcc                irq_94_handler
 .text.__hw_clock_source_init
                0x0000000000001fe0       0x60 build/samus/RO/chip/lm4/hwtimer.o
                0x0000000000001fe0                __hw_clock_source_init
 .text.lm4_i2c_addr
                0x0000000000002040       0x12 build/samus/RO/chip/lm4/i2c.o
 *fill*         0x0000000000002052        0x2 
 .text.i2c_freq_changed
                0x0000000000002054       0x50 build/samus/RO/chip/lm4/i2c.o
 .text.i2c_init
                0x00000000000020a4       0x90 build/samus/RO/chip/lm4/i2c.o
 .text.i2c_do_work
                0x0000000000002134       0xe4 build/samus/RO/chip/lm4/i2c.o
                0x0000000000002134                i2c_do_work
 .text.handle_interrupt
                0x0000000000002218       0x44 build/samus/RO/chip/lm4/i2c.o
 .text.i2c_raw_get_scl
                0x000000000000225c       0x3e build/samus/RO/chip/lm4/i2c.o
                0x000000000000225c                i2c_raw_get_scl
 .text.i2c_raw_get_sda
                0x000000000000229a       0x3e build/samus/RO/chip/lm4/i2c.o
                0x000000000000229a                i2c_raw_get_sda
 .text.i2c_get_line_levels
                0x00000000000022d8       0x10 build/samus/RO/chip/lm4/i2c.o
                0x00000000000022d8                i2c_get_line_levels
 .text.chip_i2c_xfer
                0x00000000000022e8      0x178 build/samus/RO/chip/lm4/i2c.o
                0x00000000000022e8                chip_i2c_xfer
 .text.i2c_set_timeout
                0x0000000000002460       0x1c build/samus/RO/chip/lm4/i2c.o
                0x0000000000002460                i2c_set_timeout
 .text.i2c0_interrupt
                0x000000000000247c        0x6 build/samus/RO/chip/lm4/i2c.o
                0x000000000000247c                i2c0_interrupt
 .text.i2c1_interrupt
                0x0000000000002482        0x6 build/samus/RO/chip/lm4/i2c.o
                0x0000000000002482                i2c1_interrupt
 .text.i2c2_interrupt
                0x0000000000002488        0x6 build/samus/RO/chip/lm4/i2c.o
                0x0000000000002488                i2c2_interrupt
 .text.i2c3_interrupt
                0x000000000000248e        0x6 build/samus/RO/chip/lm4/i2c.o
                0x000000000000248e                i2c3_interrupt
 .text.i2c4_interrupt
                0x0000000000002494        0x6 build/samus/RO/chip/lm4/i2c.o
                0x0000000000002494                i2c4_interrupt
 .text.i2c5_interrupt
                0x000000000000249a        0x6 build/samus/RO/chip/lm4/i2c.o
                0x000000000000249a                i2c5_interrupt
 .text.irq_8_handler
                0x00000000000024a0       0x14 build/samus/RO/chip/lm4/i2c.o
                0x00000000000024a0                irq_8_handler
 .text.irq_37_handler
                0x00000000000024b4       0x14 build/samus/RO/chip/lm4/i2c.o
                0x00000000000024b4                irq_37_handler
 .text.irq_68_handler
                0x00000000000024c8       0x14 build/samus/RO/chip/lm4/i2c.o
                0x00000000000024c8                irq_68_handler
 .text.irq_69_handler
                0x00000000000024dc       0x14 build/samus/RO/chip/lm4/i2c.o
                0x00000000000024dc                irq_69_handler
 .text.irq_109_handler
                0x00000000000024f0       0x14 build/samus/RO/chip/lm4/i2c.o
                0x00000000000024f0                irq_109_handler
 .text.irq_110_handler
                0x0000000000002504       0x14 build/samus/RO/chip/lm4/i2c.o
                0x0000000000002504                irq_110_handler
 .text.jtag_pre_init
                0x0000000000002518       0xb8 build/samus/RO/chip/lm4/jtag.o
                0x0000000000002518                jtag_pre_init
 .text.jtag_interrupt
                0x00000000000025d0       0x24 build/samus/RO/chip/lm4/jtag.o
                0x00000000000025d0                jtag_interrupt
 .text.keyboard_raw_init
                0x00000000000025f4       0x9c build/samus/RO/chip/lm4/keyboard_raw.o
                0x00000000000025f4                keyboard_raw_init
 .text.keyboard_raw_task_start
                0x0000000000002690        0x6 build/samus/RO/chip/lm4/keyboard_raw.o
                0x0000000000002690                keyboard_raw_task_start
 *fill*         0x0000000000002696        0x2 
 .text.keyboard_raw_drive_column
                0x0000000000002698       0x38 build/samus/RO/chip/lm4/keyboard_raw.o
                0x0000000000002698                keyboard_raw_drive_column
 .text.keyboard_raw_read_rows
                0x00000000000026d0       0x10 build/samus/RO/chip/lm4/keyboard_raw.o
                0x00000000000026d0                keyboard_raw_read_rows
 .text.keyboard_raw_enable_interrupt
                0x00000000000026e0       0x1c build/samus/RO/chip/lm4/keyboard_raw.o
                0x00000000000026e0                keyboard_raw_enable_interrupt
 .text.keyboard_raw_interrupt
                0x00000000000026fc       0x18 build/samus/RO/chip/lm4/keyboard_raw.o
                0x00000000000026fc                keyboard_raw_interrupt
 .text.irq_55_handler
                0x0000000000002714       0x14 build/samus/RO/chip/lm4/keyboard_raw.o
                0x0000000000002714                irq_55_handler
 .text.lpc_send_response_packet
                0x0000000000002728       0x30 build/samus/RO/chip/lm4/lpc.o
 .text.lpc_send_response
                0x0000000000002758       0x78 build/samus/RO/chip/lm4/lpc.o
 .text.lpc_generate_sci
                0x00000000000027d0       0x2c build/samus/RO/chip/lm4/lpc.o
 .text.lpc_sysjump
                0x00000000000027fc       0x14 build/samus/RO/chip/lm4/lpc.o
 .text.lpc_get_protocol_info
                0x0000000000002810       0x32 build/samus/RO/chip/lm4/lpc.o
 .text.lpc_tick
                0x0000000000002842        0x6 build/samus/RO/chip/lm4/lpc.o
 .text.update_host_event_status
                0x0000000000002848       0xc8 build/samus/RO/chip/lm4/lpc.o
 .text.lpc_init
                0x0000000000002910      0x16c build/samus/RO/chip/lm4/lpc.o
 .text.lpc_resume
                0x0000000000002a7c       0x28 build/samus/RO/chip/lm4/lpc.o
 .text.lpc_get_memmap_range
                0x0000000000002aa4        0x8 build/samus/RO/chip/lm4/lpc.o
                0x0000000000002aa4                lpc_get_memmap_range
 .text.lpc_keyboard_has_char
                0x0000000000002aac       0x10 build/samus/RO/chip/lm4/lpc.o
                0x0000000000002aac                lpc_keyboard_has_char
 .text.lpc_keyboard_input_pending
                0x0000000000002abc       0x10 build/samus/RO/chip/lm4/lpc.o
                0x0000000000002abc                lpc_keyboard_input_pending
 .text.lpc_keyboard_put_char
                0x0000000000002acc       0x30 build/samus/RO/chip/lm4/lpc.o
                0x0000000000002acc                lpc_keyboard_put_char
 .text.lpc_keyboard_clear_buffer
                0x0000000000002afc       0x20 build/samus/RO/chip/lm4/lpc.o
                0x0000000000002afc                lpc_keyboard_clear_buffer
 .text.lpc_keyboard_resume_irq
                0x0000000000002b1c       0x2c build/samus/RO/chip/lm4/lpc.o
                0x0000000000002b1c                lpc_keyboard_resume_irq
 .text.lpc_comx_has_char
                0x0000000000002b48       0x10 build/samus/RO/chip/lm4/lpc.o
                0x0000000000002b48                lpc_comx_has_char
 .text.lpc_comx_get_char
                0x0000000000002b58        0xc build/samus/RO/chip/lm4/lpc.o
                0x0000000000002b58                lpc_comx_get_char
 .text.lpc_comx_put_char
                0x0000000000002b64        0xc build/samus/RO/chip/lm4/lpc.o
                0x0000000000002b64                lpc_comx_put_char
 .text.lpc_set_host_event_state
                0x0000000000002b70       0x14 build/samus/RO/chip/lm4/lpc.o
                0x0000000000002b70                lpc_set_host_event_state
 .text.lpc_query_host_event_state
                0x0000000000002b84       0x48 build/samus/RO/chip/lm4/lpc.o
                0x0000000000002b84                lpc_query_host_event_state
 .text.lpc_set_host_event_mask
                0x0000000000002bcc       0x10 build/samus/RO/chip/lm4/lpc.o
                0x0000000000002bcc                lpc_set_host_event_mask
 .text.lpc_get_host_event_mask
                0x0000000000002bdc       0x10 build/samus/RO/chip/lm4/lpc.o
                0x0000000000002bdc                lpc_get_host_event_mask
 .text.lpc_set_acpi_status_mask
                0x0000000000002bec       0x1c build/samus/RO/chip/lm4/lpc.o
                0x0000000000002bec                lpc_set_acpi_status_mask
 .text.lpc_clear_acpi_status_mask
                0x0000000000002c08       0x1c build/samus/RO/chip/lm4/lpc.o
                0x0000000000002c08                lpc_clear_acpi_status_mask
 .text.lpc_get_pltrst_asserted
                0x0000000000002c24       0x10 build/samus/RO/chip/lm4/lpc.o
                0x0000000000002c24                lpc_get_pltrst_asserted
 .text.lpc_interrupt
                0x0000000000002c34      0x230 build/samus/RO/chip/lm4/lpc.o
                0x0000000000002c34                lpc_interrupt
 .text.irq_108_handler
                0x0000000000002e64       0x14 build/samus/RO/chip/lm4/lpc.o
                0x0000000000002e64                irq_108_handler
 .text.peci_freq_changed
                0x0000000000002e78       0x58 build/samus/RO/chip/lm4/peci.o
 .text.peci_init
                0x0000000000002ed0       0x2c build/samus/RO/chip/lm4/peci.o
 .text.peci_get_cpu_temp
                0x0000000000002efc       0x1c build/samus/RO/chip/lm4/peci.o
                0x0000000000002efc                peci_get_cpu_temp
 .text.peci_temp_sensor_poll
                0x0000000000002f18       0x1c build/samus/RO/chip/lm4/peci.o
 .text.command_peci_temp
                0x0000000000002f34       0x3c build/samus/RO/chip/lm4/peci.o
 .text.peci_temp_sensor_get_val
                0x0000000000002f70       0x48 build/samus/RO/chip/lm4/peci.o
                0x0000000000002f70                peci_temp_sensor_get_val
 .text.pwm_init
                0x0000000000002fb8       0x14 build/samus/RO/chip/lm4/pwm.o
 .text.pwm_enable
                0x0000000000002fcc       0x10 build/samus/RO/chip/lm4/pwm.o
                0x0000000000002fcc                pwm_enable
 .text.pwm_get_enabled
                0x0000000000002fdc       0x10 build/samus/RO/chip/lm4/pwm.o
                0x0000000000002fdc                pwm_get_enabled
 .text.pwm_set_duty
                0x0000000000002fec       0x3c build/samus/RO/chip/lm4/pwm.o
                0x0000000000002fec                pwm_set_duty
 .text.pwm_get_duty
                0x0000000000003028       0x24 build/samus/RO/chip/lm4/pwm.o
                0x0000000000003028                pwm_get_duty
 .text.wait_for_hibctl_wc
                0x000000000000304c       0x20 build/samus/RO/chip/lm4/system.o
 .text.hibdata_write
                0x000000000000306c       0x28 build/samus/RO/chip/lm4/system.o
 .text.system_get_rtc_sec_subsec
                0x0000000000003094       0x30 build/samus/RO/chip/lm4/system.o
                0x0000000000003094                system_get_rtc_sec_subsec
 .text.set_hibernate_rtc_match_time
                0x00000000000030c4       0x5c build/samus/RO/chip/lm4/system.o
 .text.hibernate
                0x0000000000003120       0x64 build/samus/RO/chip/lm4/system.o
 .text.system_rtc_get_value
                0x0000000000003184       0x26 build/samus/RO/chip/lm4/system.o
 *fill*         0x00000000000031aa        0x2 
 .text.system_get_rtc
                0x00000000000031ac       0x2c build/samus/RO/chip/lm4/system.o
                0x00000000000031ac                system_get_rtc
 .text.system_set_rtc
                0x00000000000031d8       0x18 build/samus/RO/chip/lm4/system.o
                0x00000000000031d8                system_set_rtc
 .text.command_system_rtc
                0x00000000000031f0       0x60 build/samus/RO/chip/lm4/system.o
 .text.system_rtc_set_value
                0x0000000000003250       0x20 build/samus/RO/chip/lm4/system.o
 .text.system_set_rtc_alarm
                0x0000000000003270       0x34 build/samus/RO/chip/lm4/system.o
                0x0000000000003270                system_set_rtc_alarm
 .text.system_reset_rtc_alarm
                0x00000000000032a4       0x20 build/samus/RO/chip/lm4/system.o
                0x00000000000032a4                system_reset_rtc_alarm
 .text.__hibernate_irq
                0x00000000000032c4        0x4 build/samus/RO/chip/lm4/system.o
                0x00000000000032c4                __hibernate_irq
 .text.irq_43_handler
                0x00000000000032c8       0x14 build/samus/RO/chip/lm4/system.o
                0x00000000000032c8                irq_43_handler
 .text.system_enable_hib_interrupt
                0x00000000000032dc        0x6 build/samus/RO/chip/lm4/system.o
                0x00000000000032dc                system_enable_hib_interrupt
 .text.system_hibernate
                0x00000000000032e2       0x14 build/samus/RO/chip/lm4/system.o
                0x00000000000032e2                system_hibernate
 *fill*         0x00000000000032f6        0x2 
 .text.system_pre_init
                0x00000000000032f8      0x1c0 build/samus/RO/chip/lm4/system.o
                0x00000000000032f8                system_pre_init
 .text.system_reset
                0x00000000000034b8       0x6c build/samus/RO/chip/lm4/system.o
                0x00000000000034b8                system_reset
 .text.system_get_chip_vendor
                0x0000000000003524        0x8 build/samus/RO/chip/lm4/system.o
                0x0000000000003524                system_get_chip_vendor
 .text.system_get_chip_id_string
                0x000000000000352c       0x54 build/samus/RO/chip/lm4/system.o
                0x000000000000352c                system_get_chip_id_string
 .text.system_get_raw_chip_name
                0x0000000000003580       0x5c build/samus/RO/chip/lm4/system.o
                0x0000000000003580                system_get_raw_chip_name
 .text.system_get_chip_name
                0x00000000000035dc       0x3c build/samus/RO/chip/lm4/system.o
                0x00000000000035dc                system_get_chip_name
 .text.system_get_vbnvcontext
                0x0000000000003618        0x4 build/samus/RO/chip/lm4/system.o
                0x0000000000003618                system_get_vbnvcontext
 .text.system_set_vbnvcontext
                0x000000000000361c        0x4 build/samus/RO/chip/lm4/system.o
                0x000000000000361c                system_set_vbnvcontext
 .text.system_get_chip_revision
                0x0000000000003620       0x24 build/samus/RO/chip/lm4/system.o
                0x0000000000003620                system_get_chip_revision
 .text.uart_init_done
                0x0000000000003644        0xc build/samus/RO/chip/lm4/uart.o
                0x0000000000003644                uart_init_done
 .text.uart_tx_start
                0x0000000000003650       0x3c build/samus/RO/chip/lm4/uart.o
                0x0000000000003650                uart_tx_start
 .text.uart_tx_stop
                0x000000000000368c       0x2c build/samus/RO/chip/lm4/uart.o
                0x000000000000368c                uart_tx_stop
 .text.uart_tx_flush
                0x00000000000036b8       0x10 build/samus/RO/chip/lm4/uart.o
                0x00000000000036b8                uart_tx_flush
 .text.uart_tx_ready
                0x00000000000036c8       0x14 build/samus/RO/chip/lm4/uart.o
                0x00000000000036c8                uart_tx_ready
 .text.uart_tx_in_progress
                0x00000000000036dc       0x10 build/samus/RO/chip/lm4/uart.o
                0x00000000000036dc                uart_tx_in_progress
 .text.uart_rx_available
                0x00000000000036ec       0x14 build/samus/RO/chip/lm4/uart.o
                0x00000000000036ec                uart_rx_available
 .text.uart_write_char
                0x0000000000003700       0x18 build/samus/RO/chip/lm4/uart.o
                0x0000000000003700                uart_write_char
 .text.uart_read_char
                0x0000000000003718        0xc build/samus/RO/chip/lm4/uart.o
                0x0000000000003718                uart_read_char
 .text.uart_ec_interrupt
                0x0000000000003724       0x18 build/samus/RO/chip/lm4/uart.o
                0x0000000000003724                uart_ec_interrupt
 .text.irq_5_handler
                0x000000000000373c       0x14 build/samus/RO/chip/lm4/uart.o
                0x000000000000373c                irq_5_handler
 .text.uart_host_interrupt
                0x0000000000003750       0x50 build/samus/RO/chip/lm4/uart.o
                0x0000000000003750                uart_host_interrupt
 .text.irq_33_handler
                0x00000000000037a0       0x14 build/samus/RO/chip/lm4/uart.o
                0x00000000000037a0                irq_33_handler
 .text.uart_init
                0x00000000000037b4       0xa8 build/samus/RO/chip/lm4/uart.o
                0x00000000000037b4                uart_init
 .text.uart_enter_dsleep
                0x000000000000385c       0x44 build/samus/RO/chip/lm4/uart.o
                0x000000000000385c                uart_enter_dsleep
 .text.uart_exit_dsleep
                0x00000000000038a0       0x50 build/samus/RO/chip/lm4/uart.o
                0x00000000000038a0                uart_exit_dsleep
 .text.uart_deepsleep_interrupt
                0x00000000000038f0       0x10 build/samus/RO/chip/lm4/uart.o
                0x00000000000038f0                uart_deepsleep_interrupt
 .text.uart_comx_enable
                0x0000000000003900       0x1c build/samus/RO/chip/lm4/uart.o
                0x0000000000003900                uart_comx_enable
 .text.uart_comx_putc_ok
                0x000000000000391c       0x24 build/samus/RO/chip/lm4/uart.o
                0x000000000000391c                uart_comx_putc_ok
 .text.uart_comx_putc
                0x0000000000003940        0xc build/samus/RO/chip/lm4/uart.o
                0x0000000000003940                uart_comx_putc
 .text.watchdog_reload
                0x000000000000394c       0x48 build/samus/RO/chip/lm4/watchdog.o
                0x000000000000394c                watchdog_reload
 .text.watchdog_freq_changed
                0x0000000000003994       0x24 build/samus/RO/chip/lm4/watchdog.o
 .text.irq_18_handler
                0x00000000000039b8       0x1a build/samus/RO/chip/lm4/watchdog.o
                0x00000000000039b8                irq_18_handler
 *fill*         0x00000000000039d2        0x2 
 .text.watchdog_init
                0x00000000000039d4       0x4c build/samus/RO/chip/lm4/watchdog.o
                0x00000000000039d4                watchdog_init
 .text.acpi_disable_burst_deferred
                0x0000000000003a20       0x24 build/samus/RO/common/acpi.o
 .text.acpi_ap_to_ec
                0x0000000000003a44      0x1c8 build/samus/RO/common/acpi.o
                0x0000000000003a44                acpi_ap_to_ec
 .text.command_adc
                0x0000000000003c0c       0x84 build/samus/RO/common/adc.o
 .text.als_task_disable
                0x0000000000003c90       0x10 build/samus/RO/common/als.o
 .text.als_task_enable
                0x0000000000003ca0       0x44 build/samus/RO/common/als.o
 .text.als_task_init
                0x0000000000003ce4       0x1a build/samus/RO/common/als.o
 *fill*         0x0000000000003cfe        0x2 
 .text.als_read
                0x0000000000003d00       0x14 build/samus/RO/common/als.o
                0x0000000000003d00                als_read
 .text.als_task
                0x0000000000003d14       0x34 build/samus/RO/common/als.o
                0x0000000000003d14                als_task
 .text.print_item_name
                0x0000000000003d48       0x10 build/samus/RO/common/battery.o
 .text.check_print_error
                0x0000000000003d58       0x2c build/samus/RO/common/battery.o
 .text.pending_cutoff_deferred
                0x0000000000003d84       0x24 build/samus/RO/common/battery.o
 .text.clear_pending_cutoff
                0x0000000000003da8       0x28 build/samus/RO/common/battery.o
 .text.check_pending_cutoff
                0x0000000000003dd0       0x30 build/samus/RO/common/battery.o
 .text.battery_command_cutoff
                0x0000000000003e00       0x54 build/samus/RO/common/battery.o
 .text.command_cutoff
                0x0000000000003e54       0x44 build/samus/RO/common/battery.o
 .text.print_battery_debug
                0x0000000000003e98      0x35c build/samus/RO/common/battery.o
                0x0000000000003e98                print_battery_debug
 .text.command_battery
                0x00000000000041f4       0x7c build/samus/RO/common/battery.o
 .text.battery_is_cut_off
                0x0000000000004270       0x10 build/samus/RO/common/battery.o
                0x0000000000004270                battery_is_cut_off
 .text.reset_current_limit
                0x0000000000004280       0x10 build/samus/RO/common/charge_state_v2.o
 .text.charge_command_current_limit
                0x0000000000004290       0x24 build/samus/RO/common/charge_state_v2.o
 .text.charger_init
                0x00000000000042b4       0x1c build/samus/RO/common/charge_state_v2.o
                0x00000000000042b4                charger_init
 .text.problem  0x00000000000042d0       0x6c build/samus/RO/common/charge_state_v2.o
 .text.dump_charge_state
                0x000000000000433c      0x1dc build/samus/RO/common/charge_state_v2.o
 .text.charge_request
                0x0000000000004518       0xac build/samus/RO/common/charge_state_v2.o
 .text.charge_command_charge_state
                0x00000000000045c4      0x1a4 build/samus/RO/common/charge_state_v2.o
 .text.command_chgstate
                0x0000000000004768       0x88 build/samus/RO/common/charge_state_v2.o
 .text.charge_wakeup
                0x00000000000047f0        0xc build/samus/RO/common/charge_state_v2.o
 .text.charge_command_charge_control
                0x00000000000047fc       0x74 build/samus/RO/common/charge_state_v2.o
 .text.charger_current_battery_params
                0x0000000000004870        0x8 build/samus/RO/common/charge_state_v2.o
                0x0000000000004870                charger_current_battery_params
 .text.get_desired_input_current
                0x0000000000004878       0x1a build/samus/RO/common/charge_state_v2.o
                0x0000000000004878                get_desired_input_current
 *fill*         0x0000000000004892        0x6 
 .text.charger_task
                0x0000000000004898      0x7f0 build/samus/RO/common/charge_state_v2.o
                0x0000000000004898                charger_task
 .text.charge_want_shutdown
                0x0000000000005088       0x24 build/samus/RO/common/charge_state_v2.o
                0x0000000000005088                charge_want_shutdown
 .text.charge_prevent_power_on
                0x00000000000050ac       0x5c build/samus/RO/common/charge_state_v2.o
                0x00000000000050ac                charge_prevent_power_on
 .text.charge_get_state
                0x0000000000005108       0x38 build/samus/RO/common/charge_state_v2.o
                0x0000000000005108                charge_get_state
 .text.charge_get_flags
                0x0000000000005140       0x24 build/samus/RO/common/charge_state_v2.o
                0x0000000000005140                charge_get_flags
 .text.charge_get_percent
                0x0000000000005164       0x14 build/samus/RO/common/charge_state_v2.o
                0x0000000000005164                charge_get_percent
 .text.charge_temp_sensor_get_val
                0x0000000000005178       0x20 build/samus/RO/common/charge_state_v2.o
                0x0000000000005178                charge_temp_sensor_get_val
 .text.charge_set_input_current_limit
                0x0000000000005198       0x2c build/samus/RO/common/charge_state_v2.o
                0x0000000000005198                charge_set_input_current_limit
 .text.dptf_disable_hook
                0x00000000000051c4       0x10 build/samus/RO/common/charger.o
 .text.print_item_name
                0x00000000000051d4       0x10 build/samus/RO/common/charger.o
 .text.check_print_error
                0x00000000000051e4       0x28 build/samus/RO/common/charger.o
 .text.dptf_set_charging_current_limit
                0x000000000000520c       0x10 build/samus/RO/common/charger.o
                0x000000000000520c                dptf_set_charging_current_limit
 .text.dptf_get_charging_current_limit
                0x000000000000521c        0xc build/samus/RO/common/charger.o
                0x000000000000521c                dptf_get_charging_current_limit
 .text.charger_closest_voltage
                0x0000000000005228       0x28 build/samus/RO/common/charger.o
                0x0000000000005228                charger_closest_voltage
 .text.charger_closest_current
                0x0000000000005250       0x3c build/samus/RO/common/charger.o
                0x0000000000005250                charger_closest_current
 .text.charger_get_params
                0x000000000000528c       0x64 build/samus/RO/common/charger.o
                0x000000000000528c                charger_get_params
 .text.print_charger_debug
                0x00000000000052f0      0x140 build/samus/RO/common/charger.o
                0x00000000000052f0                print_charger_debug
 .text.command_charger
                0x0000000000005430       0xbc build/samus/RO/common/charger.o
 .text.command_apreset
                0x00000000000054ec       0x4c build/samus/RO/common/chipset.o
 .text.command_apshutdown
                0x0000000000005538        0xa build/samus/RO/common/chipset.o
 *fill*         0x0000000000005542        0x2 
 .text.command_history
                0x0000000000005544       0x50 build/samus/RO/common/console.o
 .text.find_command
                0x0000000000005594       0x48 build/samus/RO/common/console.o
 .text.console_putc
                0x00000000000055dc        0x4 build/samus/RO/common/console.o
 .text.repeat_char
                0x00000000000055e0       0x14 build/samus/RO/common/console.o
 .text.command_help
                0x00000000000055f4      0x138 build/samus/RO/common/console.o
 .text.load_history
                0x000000000000572c       0x74 build/samus/RO/common/console.o
 .text.console_has_input
                0x00000000000057a0       0x1e build/samus/RO/common/console.o
                0x00000000000057a0                console_has_input
 *fill*         0x00000000000057be        0x2 
 .text.console_task
                0x00000000000057c0      0x530 build/samus/RO/common/console.o
                0x00000000000057c0                console_task
 .text.ucd_lb_queue_put
                0x0000000000005cf0       0x20 build/samus/RO/common/console_output.o
                0x0000000000005cf0                ucd_lb_queue_put
 .text.ucd_lb_queue_init
                0x0000000000005d10        0xc build/samus/RO/common/console_output.o
                0x0000000000005d10                ucd_lb_queue_init
 .text.ucd_lb_queue_puts
                0x0000000000005d1c       0x1c build/samus/RO/common/console_output.o
                0x0000000000005d1c                ucd_lb_queue_puts
 .text.cputs    0x0000000000005d38       0x28 build/samus/RO/common/console_output.o
                0x0000000000005d38                cputs
 .text.cprintf  0x0000000000005d60       0x3c build/samus/RO/common/console_output.o
                0x0000000000005d60                cprintf
 .text.command_ch
                0x0000000000005d9c       0xa8 build/samus/RO/common/console_output.o
 .text.cprints  0x0000000000005e44       0x64 build/samus/RO/common/console_output.o
                0x0000000000005e44                cprints
 .text.cflush   0x0000000000005ea8        0x4 build/samus/RO/common/console_output.o
                0x0000000000005ea8                cflush
 .text.hc_pwm_get_fan_target_rpm
                0x0000000000005eac       0x2c build/samus/RO/common/fan.o
 .text.cc_faninfo
                0x0000000000005ed8      0x154 build/samus/RO/common/fan.o
 .text.pwm_fan_resume
                0x000000000000602c       0x1c build/samus/RO/common/fan.o
 .text.set_enabled
                0x0000000000006048       0x2c build/samus/RO/common/fan.o
 .text.pwm_fan_preserve_state
                0x0000000000006074       0x30 build/samus/RO/common/fan.o
 .text.pwm_fan_second
                0x00000000000060a4       0x64 build/samus/RO/common/fan.o
 .text.set_duty_cycle
                0x0000000000006108       0x44 build/samus/RO/common/fan.o
 .text.cc_fanduty
                0x000000000000614c       0x6c build/samus/RO/common/fan.o
 .text.hc_pwm_set_fan_duty
                0x00000000000061b8       0x5c build/samus/RO/common/fan.o
 .text.hc_pwm_set_fan_target_rpm
                0x0000000000006214       0xd8 build/samus/RO/common/fan.o
 .text.hc_thermal_auto_fan_ctrl
                0x00000000000062ec       0x4c build/samus/RO/common/fan.o
 .text.pwm_fan_S3_S5
                0x0000000000006338       0x44 build/samus/RO/common/fan.o
 .text.pwm_fan_init
                0x000000000000637c       0xa0 build/samus/RO/common/fan.o
 .text.cc_fanauto
                0x000000000000641c       0x54 build/samus/RO/common/fan.o
 .text.fan_percent_to_rpm
                0x0000000000006470       0x2c build/samus/RO/common/fan.o
                0x0000000000006470                fan_percent_to_rpm
 .text.cc_fanset
                0x000000000000649c       0xc4 build/samus/RO/common/fan.o
 .text.fan_set_percent_needed
                0x0000000000006560       0x68 build/samus/RO/common/fan.o
                0x0000000000006560                fan_set_percent_needed
 .text.dptf_get_fan_duty_target
                0x00000000000065c8       0x34 build/samus/RO/common/fan.o
                0x00000000000065c8                dptf_get_fan_duty_target
 .text.dptf_set_fan_duty_target
                0x00000000000065fc       0x44 build/samus/RO/common/fan.o
                0x00000000000065fc                dptf_set_fan_duty_target
 .text.flash_command_get_info
                0x0000000000006640       0x78 build/samus/RO/common/flash.o
 .text.flash_command_region_info
                0x00000000000066b8       0x6e build/samus/RO/common/flash.o
 .text.flash_range_ok
                0x0000000000006726       0x22 build/samus/RO/common/flash.o
                0x0000000000006726                flash_range_ok
 .text.flash_dataptr
                0x0000000000006748       0x1c build/samus/RO/common/flash.o
                0x0000000000006748                flash_dataptr
 .text.flash_is_erased
                0x0000000000006764       0x30 build/samus/RO/common/flash.o
                0x0000000000006764                flash_is_erased
 .text.flash_read
                0x0000000000006794       0x26 build/samus/RO/common/flash.o
                0x0000000000006794                flash_read
 .text.flash_command_read
                0x00000000000067ba       0x50 build/samus/RO/common/flash.o
 .text.flash_write
                0x000000000000680a       0x36 build/samus/RO/common/flash.o
                0x000000000000680a                flash_write
 .text.flash_erase
                0x0000000000006840       0x34 build/samus/RO/common/flash.o
                0x0000000000006840                flash_erase
 .text.flash_protect_at_boot
                0x0000000000006874       0x72 build/samus/RO/common/flash.o
                0x0000000000006874                flash_protect_at_boot
 .text.flash_get_protect
                0x00000000000068e6       0x86 build/samus/RO/common/flash.o
                0x00000000000068e6                flash_get_protect
 .text.command_flash_info
                0x000000000000696c      0x130 build/samus/RO/common/flash.o
 .text.flash_command_write
                0x0000000000006a9c       0x7a build/samus/RO/common/flash.o
 .text.flash_command_erase
                0x0000000000006b16       0x66 build/samus/RO/common/flash.o
 .text.flash_set_protect
                0x0000000000006b7c       0x88 build/samus/RO/common/flash.o
                0x0000000000006b7c                flash_set_protect
 .text.command_flash_wp
                0x0000000000006c04       0x78 build/samus/RO/common/flash.o
 .text.flash_command_protect
                0x0000000000006c7c       0x98 build/samus/RO/common/flash.o
 .text.gesture_chipset_resume
                0x0000000000006d14        0xc build/samus/RO/common/gesture.o
 .text.gesture_chipset_suspend
                0x0000000000006d20       0x18 build/samus/RO/common/gesture.o
 .text.command_tap_info
                0x0000000000006d38       0x84 build/samus/RO/common/gesture.o
 .text.gesture_calc
                0x0000000000006dbc      0x2c0 build/samus/RO/common/gesture.o
                0x0000000000006dbc                gesture_calc
 .text.last_val_changed
                0x000000000000707c       0x6c build/samus/RO/common/gpio.o
 .text.find_signal_by_name
                0x00000000000070e8       0x3c build/samus/RO/common/gpio.o
 .text.gpio_command_get
                0x0000000000007124       0x98 build/samus/RO/common/gpio.o
 .text.gpio_command_set
                0x00000000000071bc       0x40 build/samus/RO/common/gpio.o
 .text.command_gpio_get
                0x00000000000071fc       0x94 build/samus/RO/common/gpio.o
 .text.command_gpio_set
                0x0000000000007290       0x54 build/samus/RO/common/gpio.o
 .text.gpio_config_pins
                0x00000000000072e4       0xa0 build/samus/RO/common/gpio.o
                0x00000000000072e4                gpio_config_pins
 .text.gpio_config_module
                0x0000000000007384        0xc build/samus/RO/common/gpio.o
                0x0000000000007384                gpio_config_module
 .text.gpio_set_flags
                0x0000000000007390       0x14 build/samus/RO/common/gpio.o
                0x0000000000007390                gpio_set_flags
 .text.hook_notify
                0x00000000000073a4       0x60 build/samus/RO/common/hooks.o
                0x00000000000073a4                hook_notify
 .text.hook_call_deferred
                0x0000000000007404       0x78 build/samus/RO/common/hooks.o
                0x0000000000007404                hook_call_deferred
 .text.hook_task
                0x000000000000747c      0x148 build/samus/RO/common/hooks.o
                0x000000000000747c                hook_task
 .text.host_packet_respond
                0x00000000000075c4       0x78 build/samus/RO/common/host_command.o
                0x00000000000075c4                host_packet_respond
 .text.host_command_proto_version
                0x000000000000763c       0x16 build/samus/RO/common/host_command.o
 .text.host_command_hello
                0x0000000000007652       0x3c build/samus/RO/common/host_command.o
 .text.host_command_read_test
                0x000000000000768e       0x64 build/samus/RO/common/host_command.o
 *fill*         0x00000000000076f2        0x2 
 .text.host_command_entering_mode
                0x00000000000076f4       0x28 build/samus/RO/common/host_command.o
 .text.host_command_get_features
                0x000000000000771c       0x26 build/samus/RO/common/host_command.o
 .text.host_command_test_protocol
                0x0000000000007742       0x58 build/samus/RO/common/host_command.o
 *fill*         0x000000000000779a        0x2 
 .text.command_hcdebug
                0x000000000000779c       0x48 build/samus/RO/common/host_command.o
 .text.host_command_get_cmd_versions
                0x00000000000077e4       0x5c build/samus/RO/common/host_command.o
 .text.host_get_memmap
                0x0000000000007840        0xc build/samus/RO/common/host_command.o
                0x0000000000007840                host_get_memmap
 .text.host_send_response
                0x000000000000784c        0x4 build/samus/RO/common/host_command.o
                0x000000000000784c                host_send_response
 .text.host_command_received
                0x0000000000007850       0x38 build/samus/RO/common/host_command.o
                0x0000000000007850                host_command_received
 .text.host_packet_receive
                0x0000000000007888      0x124 build/samus/RO/common/host_command.o
                0x0000000000007888                host_packet_receive
 .text.host_command_process
                0x00000000000079ac      0x12c build/samus/RO/common/host_command.o
                0x00000000000079ac                host_command_process
 .text.host_command_task
                0x0000000000007ad8       0xdc build/samus/RO/common/host_command.o
                0x0000000000007ad8                host_command_task
 .text.pd_host_command
                0x0000000000007bb4      0x254 build/samus/RO/common/host_command_master.o
                0x0000000000007bb4                pd_host_command
 .text.command_pd_mcu
                0x0000000000007e08       0xb8 build/samus/RO/common/host_command_master.o
 .text.pd_exchange_status
                0x0000000000007ec0       0xf4 build/samus/RO/common/host_command_pd.o
 .text.pd_get_active_charge_port
                0x0000000000007fb4        0xc build/samus/RO/common/host_command_pd.o
                0x0000000000007fb4                pd_get_active_charge_port
 .text.host_command_pd_send_status
                0x0000000000007fc0       0x14 build/samus/RO/common/host_command_pd.o
                0x0000000000007fc0                host_command_pd_send_status
 .text.pd_command_task
                0x0000000000007fd4       0x1a build/samus/RO/common/host_command_pd.o
                0x0000000000007fd4                pd_command_task
 *fill*         0x0000000000007fee        0x2 
 .text.host_event_get_b
                0x0000000000007ff0       0x24 build/samus/RO/common/host_event_commands.o
 .text.host_event_set_smi_mask
                0x0000000000008014       0x22 build/samus/RO/common/host_event_commands.o
 .text.host_event_set_sci_mask
                0x0000000000008036       0x22 build/samus/RO/common/host_event_commands.o
 .text.host_event_set_wake_mask
                0x0000000000008058       0x22 build/samus/RO/common/host_event_commands.o
 .text.host_event_get_smi_mask
                0x000000000000807a       0x26 build/samus/RO/common/host_event_commands.o
 .text.host_event_get_sci_mask
                0x00000000000080a0       0x26 build/samus/RO/common/host_event_commands.o
 .text.host_event_get_wake_mask
                0x00000000000080c6       0x26 build/samus/RO/common/host_event_commands.o
 .text.host_clear_events_b
                0x00000000000080ec       0x34 build/samus/RO/common/host_event_commands.o
 .text.host_event_clear_b
                0x0000000000008120       0x20 build/samus/RO/common/host_event_commands.o
 .text.host_get_next_event
                0x0000000000008140       0x34 build/samus/RO/common/host_event_commands.o
 .text.host_get_events
                0x0000000000008174        0xc build/samus/RO/common/host_event_commands.o
                0x0000000000008174                host_get_events
 .text.host_set_events
                0x0000000000008180       0x5c build/samus/RO/common/host_event_commands.o
                0x0000000000008180                host_set_events
 .text.host_clear_events
                0x00000000000081dc       0x44 build/samus/RO/common/host_event_commands.o
                0x00000000000081dc                host_clear_events
 .text.command_host_event
                0x0000000000008220      0x104 build/samus/RO/common/host_event_commands.o
 .text.host_event_clear
                0x0000000000008324       0x20 build/samus/RO/common/host_event_commands.o
 .text.host_throttle_cpu
                0x0000000000008344       0x10 build/samus/RO/common/host_event_commands.o
                0x0000000000008344                host_throttle_cpu
 .text.i2c_lock.part.0
                0x0000000000008354       0x30 build/samus/RO/common/i2c.o
 .text.i2c_xfer
                0x0000000000008384        0xa build/samus/RO/common/i2c.o
                0x0000000000008384                i2c_xfer
 *fill*         0x000000000000838e        0x2 
 .text.i2c_lock
                0x0000000000008390       0x38 build/samus/RO/common/i2c.o
                0x0000000000008390                i2c_lock
 .text.i2c_command_passthru
                0x00000000000083c8      0x15c build/samus/RO/common/i2c.o
 .text.command_scan
                0x0000000000008524       0xbc build/samus/RO/common/i2c.o
 .text.i2c_prepare_sysjump
                0x00000000000085e0       0x3c build/samus/RO/common/i2c.o
                0x00000000000085e0                i2c_prepare_sysjump
 .text.i2c_read16
                0x000000000000861c       0x5e build/samus/RO/common/i2c.o
                0x000000000000861c                i2c_read16
 .text.i2c_write16
                0x000000000000867a       0x50 build/samus/RO/common/i2c.o
                0x000000000000867a                i2c_write16
 .text.i2c_read8
                0x00000000000086ca       0x44 build/samus/RO/common/i2c.o
                0x00000000000086ca                i2c_read8
 *fill*         0x000000000000870e        0x2 
 .text.i2c_command_read
                0x0000000000008710       0x78 build/samus/RO/common/i2c.o
 .text.i2c_write8
                0x0000000000008788       0x3c build/samus/RO/common/i2c.o
                0x0000000000008788                i2c_write8
 .text.i2c_command_write
                0x00000000000087c4       0x70 build/samus/RO/common/i2c.o
 .text.command_i2cxfer
                0x0000000000008834      0x184 build/samus/RO/common/i2c.o
 .text.i2c_read_string
                0x00000000000089b8       0x74 build/samus/RO/common/i2c.o
                0x00000000000089b8                i2c_read_string
 .text.get_sda_from_i2c_port
                0x0000000000008a2c       0x64 build/samus/RO/common/i2c.o
                0x0000000000008a2c                get_sda_from_i2c_port
 .text.get_scl_from_i2c_port
                0x0000000000008a90       0x60 build/samus/RO/common/i2c.o
                0x0000000000008a90                get_scl_from_i2c_port
 .text.i2c_raw_set_scl
                0x0000000000008af0       0x1c build/samus/RO/common/i2c.o
                0x0000000000008af0                i2c_raw_set_scl
 .text.i2c_raw_set_sda
                0x0000000000008b0c       0x1c build/samus/RO/common/i2c.o
                0x0000000000008b0c                i2c_raw_set_sda
 .text.i2c_raw_mode
                0x0000000000008b28       0xb4 build/samus/RO/common/i2c.o
                0x0000000000008b28                i2c_raw_mode
 .text.i2c_unwedge
                0x0000000000008bdc       0xfc build/samus/RO/common/i2c.o
                0x0000000000008bdc                i2c_unwedge
 .text.kblog_put
                0x0000000000008cd8       0x28 build/samus/RO/common/keyboard_8042.o
 .text.command_codeset
                0x0000000000008d00       0x48 build/samus/RO/common/keyboard_8042.o
 .text.command_typematic
                0x0000000000008d48       0xc8 build/samus/RO/common/keyboard_8042.o
 .text.keyboard_preserve_state
                0x0000000000008e10       0x38 build/samus/RO/common/keyboard_8042.o
 .text.scancode_bytes
                0x0000000000008e48       0x90 build/samus/RO/common/keyboard_8042.o
 .text.command_keyboard_log
                0x0000000000008ed8       0xac build/samus/RO/common/keyboard_8042.o
 .text.command_8042_internal.isra.2
                0x0000000000008f84      0x130 build/samus/RO/common/keyboard_8042.o
 .text.reset_rate_and_delay
                0x00000000000090b4       0x1c build/samus/RO/common/keyboard_8042.o
 .text.i8042_send_to_host
                0x00000000000090d0       0x64 build/samus/RO/common/keyboard_8042.o
 .text.keyboard_host_write
                0x0000000000009134       0x30 build/samus/RO/common/keyboard_8042.o
                0x0000000000009134                keyboard_host_write
 .text.keyboard_clear_buffer
                0x0000000000009164       0x28 build/samus/RO/common/keyboard_8042.o
                0x0000000000009164                keyboard_clear_buffer
 .text.keyboard_enable
                0x000000000000918c       0x50 build/samus/RO/common/keyboard_8042.o
 .text.update_ctl_ram
                0x00000000000091dc       0x68 build/samus/RO/common/keyboard_8042.o
 .text.command_controller_ram
                0x0000000000009244       0x54 build/samus/RO/common/keyboard_8042.o
 .text.keyboard_restore_state
                0x0000000000009298       0x40 build/samus/RO/common/keyboard_8042.o
 .text.command_keyboard
                0x00000000000092d8       0x38 build/samus/RO/common/keyboard_8042.o
 .text.command_8042
                0x0000000000009310      0x134 build/samus/RO/common/keyboard_8042.o
 .text.keyboard_state_changed
                0x0000000000009444      0x1d0 build/samus/RO/common/keyboard_8042.o
                0x0000000000009444                keyboard_state_changed
 .text.keyboard_protocol_task
                0x0000000000009614      0x480 build/samus/RO/common/keyboard_8042.o
                0x0000000000009614                keyboard_protocol_task
 .text.keyboard_update_button
                0x0000000000009a94       0xc0 build/samus/RO/common/keyboard_8042.o
                0x0000000000009a94                keyboard_update_button
 .text.keyboard_power_button
                0x0000000000009b54       0x12 build/samus/RO/common/keyboard_8042.o
 *fill*         0x0000000000009b66        0x2 
 .text.keyboard_freq_change
                0x0000000000009b68       0x24 build/samus/RO/common/keyboard_scan.o
 .text.read_matrix
                0x0000000000009b8c       0x5c build/samus/RO/common/keyboard_scan.o
 .text.ensure_keyboard_scanned
                0x0000000000009be8       0x58 build/samus/RO/common/keyboard_scan.o
 .text.print_state
                0x0000000000009c40       0x48 build/samus/RO/common/keyboard_scan.o
 .text.command_ksstate
                0x0000000000009c88       0x7c build/samus/RO/common/keyboard_scan.o
 .text.simulate_key
                0x0000000000009d04       0x78 build/samus/RO/common/keyboard_scan.o
 .text.mkbp_command_simulate_key
                0x0000000000009d7c       0x2a build/samus/RO/common/keyboard_scan.o
 *fill*         0x0000000000009da6        0x2 
 .text.command_keyboard_press
                0x0000000000009da8       0xc8 build/samus/RO/common/keyboard_scan.o
 .text.keyboard_scan_enable
                0x0000000000009e70       0x3c build/samus/RO/common/keyboard_scan.o
                0x0000000000009e70                keyboard_scan_enable
 .text.keyboard_lid_change
                0x0000000000009eac       0x18 build/samus/RO/common/keyboard_scan.o
 .text.keyboard_scan_get_boot_key
                0x0000000000009ec4        0xc build/samus/RO/common/keyboard_scan.o
                0x0000000000009ec4                keyboard_scan_get_boot_key
 .text.keyboard_scan_init
                0x0000000000009ed0       0xe4 build/samus/RO/common/keyboard_scan.o
                0x0000000000009ed0                keyboard_scan_init
 .text.keyboard_scan_task
                0x0000000000009fb4      0x32c build/samus/RO/common/keyboard_scan.o
                0x0000000000009fb4                keyboard_scan_task
 .text.controller_write
                0x000000000000a2e0       0x34 build/samus/RO/common/lb_common.o
 .text.setrgb   0x000000000000a314       0xa4 build/samus/RO/common/lb_common.o
 .text.lb_set_rgb
                0x000000000000a3b8       0x2e build/samus/RO/common/lb_common.o
                0x000000000000a3b8                lb_set_rgb
 *fill*         0x000000000000a3e6        0x2 
 .text.lb_get_rgb
                0x000000000000a3e8       0x28 build/samus/RO/common/lb_common.o
                0x000000000000a3e8                lb_get_rgb
 .text.lb_set_brightness
                0x000000000000a410       0x3c build/samus/RO/common/lb_common.o
                0x000000000000a410                lb_set_brightness
 .text.lb_get_brightness
                0x000000000000a44c        0xc build/samus/RO/common/lb_common.o
                0x000000000000a44c                lb_get_brightness
 .text.lb_init  0x000000000000a458       0x8c build/samus/RO/common/lb_common.o
                0x000000000000a458                lb_init
 .text.lb_off   0x000000000000a4e4       0x38 build/samus/RO/common/lb_common.o
                0x000000000000a4e4                lb_off
 .text.lb_on    0x000000000000a51c       0x38 build/samus/RO/common/lb_common.o
                0x000000000000a51c                lb_on
 .text.lb_hc_cmd_dump
                0x000000000000a554       0x8c build/samus/RO/common/lb_common.o
                0x000000000000a554                lb_hc_cmd_dump
 .text.lb_hc_cmd_reg
                0x000000000000a5e0       0x22 build/samus/RO/common/lb_common.o
                0x000000000000a5e0                lb_hc_cmd_reg
 *fill*         0x000000000000a602        0x2 
 .text.hc_force_lid_open
                0x000000000000a604       0x24 build/samus/RO/common/lid_switch.o
 .text.lid_init
                0x000000000000a628       0x28 build/samus/RO/common/lid_switch.o
 .text.lid_switch_open
                0x000000000000a650       0x3c build/samus/RO/common/lid_switch.o
 .text.command_lidopen
                0x000000000000a68c        0xa build/samus/RO/common/lid_switch.o
 *fill*         0x000000000000a696        0x2 
 .text.lid_switch_close
                0x000000000000a698       0x3c build/samus/RO/common/lid_switch.o
 .text.command_lidclose
                0x000000000000a6d4        0xa build/samus/RO/common/lid_switch.o
 *fill*         0x000000000000a6de        0x2 
 .text.lid_change_deferred
                0x000000000000a6e0       0x34 build/samus/RO/common/lid_switch.o
 .text.lid_is_open
                0x000000000000a714        0xc build/samus/RO/common/lid_switch.o
                0x000000000000a714                lid_is_open
 .text.lid_interrupt
                0x000000000000a720       0x10 build/samus/RO/common/lid_switch.o
                0x000000000000a720                lid_interrupt
 .text.sequence_RUN
                0x000000000000a730        0x4 build/samus/RO/common/lightbar.o
 .text.lightbyte_SWAP_COLORS
                0x000000000000a734       0x2c build/samus/RO/common/lightbar.o
 .text.lightbyte_HALT
                0x000000000000a760        0x4 build/samus/RO/common/lightbar.o
 .text.lightbar_preserve_state
                0x000000000000a764       0x14 build/samus/RO/common/lightbar.o
 .text.decode_32
                0x000000000000a778       0x80 build/samus/RO/common/lightbar.o
 .text.lightbyte_SET_RAMP_DELAY
                0x000000000000a7f8        0xc build/samus/RO/common/lightbar.o
 .text.lightbyte_SET_WAIT_DELAY
                0x000000000000a804        0xc build/samus/RO/common/lightbar.o
 .text.decode_8
                0x000000000000a810       0x38 build/samus/RO/common/lightbar.o
 .text.lightbyte_SET_COLOR_RGB
                0x000000000000a848       0x78 build/samus/RO/common/lightbar.o
 .text.lightbyte_SET_COLOR_SINGLE
                0x000000000000a8c0       0x60 build/samus/RO/common/lightbar.o
 .text.lightbyte_JUMP_IF_CHARGING
                0x000000000000a920       0x28 build/samus/RO/common/lightbar.o
 .text.lightbyte_JUMP
                0x000000000000a948        0xc build/samus/RO/common/lightbar.o
 .text.lightbyte_SET_BRIGHTNESS
                0x000000000000a954       0x20 build/samus/RO/common/lightbar.o
 .text.my_blink_from_queue
                0x000000000000a974      0x130 build/samus/RO/common/lightbar.o
 .text.my_led_flash
                0x000000000000aaa4      0x270 build/samus/RO/common/lightbar.o
                0x000000000000aaa4                my_led_flash
 .text.lightbyte_ON
                0x000000000000ad14        0xa build/samus/RO/common/lightbar.o
 *fill*         0x000000000000ad1e        0x2 
 .text.sequence_PROGRAM
                0x000000000000ad20       0xc8 build/samus/RO/common/lightbar.o
 .text.lightbyte_WAIT
                0x000000000000ade8       0x30 build/samus/RO/common/lightbar.o
 .text.sequence_KONAMI
                0x000000000000ae18       0x70 build/samus/RO/common/lightbar.o
 .text.sequence_STOP
                0x000000000000ae88       0x48 build/samus/RO/common/lightbar.o
 .text.lightbyte_GET_COLORS
                0x000000000000aed0       0x24 build/samus/RO/common/lightbar.o
 .text.lightbyte_OFF
                0x000000000000aef4        0xa build/samus/RO/common/lightbar.o
 .text.sequence_S3S5
                0x000000000000aefe        0xa build/samus/RO/common/lightbar.o
 .text.sequence_ERROR
                0x000000000000af08       0x6c build/samus/RO/common/lightbar.o
 .text.sequence_S5S3
                0x000000000000af74       0x22 build/samus/RO/common/lightbar.o
 *fill*         0x000000000000af96        0x2 
 .text.cycle_010
                0x000000000000af98       0x40 build/samus/RO/common/lightbar.o
 .text.pulse_google_colors
                0x000000000000afd8       0xf0 build/samus/RO/common/lightbar.o
 .text.sequence_S0S3
                0x000000000000b0c8       0xa8 build/samus/RO/common/lightbar.o
 .text.get_battery_level
                0x000000000000b170       0xbc build/samus/RO/common/lightbar.o
 .text.lightbyte_JUMP_BATTERY
                0x000000000000b22c       0x44 build/samus/RO/common/lightbar.o
 .text.sequence_S0
                0x000000000000b270       0xf0 build/samus/RO/common/lightbar.o
 .text.sequence_S5
                0x000000000000b360      0x148 build/samus/RO/common/lightbar.o
 .text.sequence_S3S0
                0x000000000000b4a8       0x1c build/samus/RO/common/lightbar.o
 .text.sequence_S3
                0x000000000000b4c4      0x130 build/samus/RO/common/lightbar.o
 .text.sequence_TAP
                0x000000000000b5f4      0x244 build/samus/RO/common/lightbar.o
 .text.ramp_all_leds
                0x000000000000b838       0xa4 build/samus/RO/common/lightbar.o
 .text.lightbyte_CYCLE_ONCE
                0x000000000000b8dc       0x3c build/samus/RO/common/lightbar.o
 .text.lightbyte_CYCLE
                0x000000000000b918       0xc8 build/samus/RO/common/lightbar.o
 .text.lightbyte_RAMP_ONCE
                0x000000000000b9e0       0x34 build/samus/RO/common/lightbar.o
 .text.demo_battery_level
                0x000000000000ba14       0x58 build/samus/RO/common/lightbar.o
                0x000000000000ba14                demo_battery_level
 .text.demo_is_charging
                0x000000000000ba6c       0x20 build/samus/RO/common/lightbar.o
                0x000000000000ba6c                demo_is_charging
 .text.demo_brightness
                0x000000000000ba8c       0x28 build/samus/RO/common/lightbar.o
                0x000000000000ba8c                demo_brightness
 .text.lightbar_task
                0x000000000000bab4      0x178 build/samus/RO/common/lightbar.o
                0x000000000000bab4                lightbar_task
 .text.lightbar_sequence_f
                0x000000000000bc2c       0x58 build/samus/RO/common/lightbar.o
                0x000000000000bc2c                lightbar_sequence_f
 .text.demo_tap
                0x000000000000bc84       0x1c build/samus/RO/common/lightbar.o
                0x000000000000bc84                demo_tap
 .text.lightbar_startup
                0x000000000000bca0       0x18 build/samus/RO/common/lightbar.o
 .text.lightbar_resume
                0x000000000000bcb8       0x1c build/samus/RO/common/lightbar.o
 .text.lightbar_suspend
                0x000000000000bcd4       0x1c build/samus/RO/common/lightbar.o
 .text.lightbar_shutdown
                0x000000000000bcf0        0xc build/samus/RO/common/lightbar.o
 .text.lpc_cmd_lightbar
                0x000000000000bcfc      0x2cc build/samus/RO/common/lightbar.o
 .text.command_lightbar
                0x000000000000bfc8      0x3d0 build/samus/RO/common/lightbar.o
 .text.startup.main
                0x000000000000c398       0xa4 build/samus/RO/common/main.o
                0x000000000000c398                main
 .text.arc_cos  0x000000000000c43c       0x9c build/samus/RO/common/math_util.o
                0x000000000000c43c                arc_cos
 .text.int_sqrtf
                0x000000000000c4d8       0x74 build/samus/RO/common/math_util.o
                0x000000000000c4d8                int_sqrtf
 .text.vector_magnitude
                0x000000000000c54c       0x28 build/samus/RO/common/math_util.o
                0x000000000000c54c                vector_magnitude
 .text.cosine_of_angle_diff
                0x000000000000c574       0x88 build/samus/RO/common/math_util.o
                0x000000000000c574                cosine_of_angle_diff
 .text.rotate   0x000000000000c5fc       0x8c build/samus/RO/common/math_util.o
                0x000000000000c5fc                rotate
 .text.command_mem_dump
                0x000000000000c688      0x144 build/samus/RO/common/memory_commands.o
 .text.command_read_word
                0x000000000000c7cc      0x11c build/samus/RO/common/memory_commands.o
 .text.motion_lid_get_angle
                0x000000000000c8e8       0x14 build/samus/RO/common/motion_lid.o
                0x000000000000c8e8                motion_lid_get_angle
 .text.motion_lid_calc
                0x000000000000c8fc      0x110 build/samus/RO/common/motion_lid.o
                0x000000000000c8fc                motion_lid_calc
 .text.host_cmd_motion_lid
                0x000000000000ca0c       0x3a build/samus/RO/common/motion_lid.o
                0x000000000000ca0c                host_cmd_motion_lid
 *fill*         0x000000000000ca46        0x2 
 .text.host_sensor_id_to_real_sensor
                0x000000000000ca48       0x38 build/samus/RO/common/motion_sense.o
 .text.motion_sense_get_ec_config
                0x000000000000ca80       0x34 build/samus/RO/common/motion_sense.o
 .text.motion_sense_ec_rate
                0x000000000000cab4       0x30 build/samus/RO/common/motion_sense.o
 .text.command_accelrange
                0x000000000000cae4       0xbc build/samus/RO/common/motion_sense.o
 .text.command_accelresolution
                0x000000000000cba0       0xbc build/samus/RO/common/motion_sense.o
 .text.command_accel_read_xyz
                0x000000000000cc5c       0xc4 build/samus/RO/common/motion_sense.o
 .text.command_display_accel_info
                0x000000000000cd20       0x60 build/samus/RO/common/motion_sense.o
 .text.motion_sense_set_motion_intervals
                0x000000000000cd80       0x7c build/samus/RO/common/motion_sense.o
 .text.motion_sense_set_data_rate
                0x000000000000cdfc       0xb0 build/samus/RO/common/motion_sense.o
                0x000000000000cdfc                motion_sense_set_data_rate
 .text.motion_sense_init
                0x000000000000ceac       0x2e build/samus/RO/common/motion_sense.o
 *fill*         0x000000000000ceda        0x2 
 .text.command_accel_init
                0x000000000000cedc       0x5c build/samus/RO/common/motion_sense.o
 .text.motion_sense_switch_sensor_rate
                0x000000000000cf38       0x68 build/samus/RO/common/motion_sense.o
 .text.motion_sense_shutdown
                0x000000000000cfa0       0x60 build/samus/RO/common/motion_sense.o
 .text.motion_sense_suspend
                0x000000000000d000       0x18 build/samus/RO/common/motion_sense.o
 .text.motion_sense_resume
                0x000000000000d018       0x10 build/samus/RO/common/motion_sense.o
 .text.motion_sense_startup
                0x000000000000d028       0x2c build/samus/RO/common/motion_sense.o
 .text.host_cmd_motion_sense
                0x000000000000d054      0x2c4 build/samus/RO/common/motion_sense.o
 .text.command_accel_data_rate
                0x000000000000d318      0x118 build/samus/RO/common/motion_sense.o
 .text.my_lid_angle
                0x000000000000d430        0x4 build/samus/RO/common/motion_sense.o
                0x000000000000d430                my_lid_angle
 .text.motion_sense_task
                0x000000000000d434      0x208 build/samus/RO/common/motion_sense.o
                0x000000000000d434                motion_sense_task
 .text.panic_txchar
                0x000000000000d63c       0x20 build/samus/RO/common/panic_output.o
 .text.command_panicinfo
                0x000000000000d65c       0x58 build/samus/RO/common/panic_output.o
 .text.panic_puts
                0x000000000000d6b4       0x20 build/samus/RO/common/panic_output.o
                0x000000000000d6b4                panic_puts
 .text.panic_printf
                0x000000000000d6d4       0x30 build/samus/RO/common/panic_output.o
                0x000000000000d6d4                panic_printf
 .text.panic_reboot
                0x000000000000d704       0x18 build/samus/RO/common/panic_output.o
                0x000000000000d704                panic_reboot
 .text.panic_assert_fail
                0x000000000000d71c       0x30 build/samus/RO/common/panic_output.o
                0x000000000000d71c                panic_assert_fail
 .text.command_crash
                0x000000000000d74c       0xac build/samus/RO/common/panic_output.o
 .text.host_command_panic_info
                0x000000000000d7f8       0x50 build/samus/RO/common/panic_output.o
                0x000000000000d7f8                host_command_panic_info
 .text.panic_get_data
                0x000000000000d848       0x18 build/samus/RO/common/panic_output.o
                0x000000000000d848                panic_get_data
 .text.panic_init
                0x000000000000d860       0x22 build/samus/RO/common/panic_output.o
 *fill*         0x000000000000d882        0x2 
 .text.port80_command_read
                0x000000000000d884       0xb8 build/samus/RO/common/port80.o
                0x000000000000d884                port80_command_read
 .text.command_port80
                0x000000000000d93c      0x12c build/samus/RO/common/port80.o
 .text.port_80_write
                0x000000000000da68       0x68 build/samus/RO/common/port80.o
                0x000000000000da68                port_80_write
 .text.command_powerbtn
                0x000000000000dad0       0x78 build/samus/RO/common/power_button.o
 .text.power_button_signal_asserted
                0x000000000000db48       0x10 build/samus/RO/common/power_button.o
                0x000000000000db48                power_button_signal_asserted
 .text.power_button_change_deferred
                0x000000000000db58       0x78 build/samus/RO/common/power_button.o
 .text.power_button_init
                0x000000000000dbd0       0x2c build/samus/RO/common/power_button.o